Running HiGHS 1.15.1 (git hash: n/a): Copyright (c) 2026 under MIT licence terms
Includes third-party software components, see THIRD_PARTY_NOTICES.md for full details
LP linopy-problem-nmfzhat1 has 1063011 rows; 490595 cols; 2112263 nonzeros
Coefficient ranges:
  Matrix  [1e-02, 3e+01]
  Cost    [3e-02, 4e+05]
  Bound   [4e-01, 1e+10]
  RHS     [3e-01, 1e+08]
WARNING: Problem has some excessively large column bounds
WARNING: Problem has some excessively large row bounds
WARNING:    Consider scaling the    bounds by 1e-5, or setting the user_bound_scale option to -14
Presolving model
418488 rows, 408633 cols, 1350730 nonzeros 1s
Dependent equations search running on 75740 equations with time limit of 1000.00s
Dependent equations search removed 0 rows and 0 nonzeros in 0.01s (limit = 1000.00s)
394942 rows, 379253 cols, 1340286 nonzeros 3s
Presolve reductions: rows 394942(-668069); columns 379253(-111342); nonzeros 1340286(-771977) 
Solving the presolved LP
IPX model has 394942 rows, 379256 columns and 1340289 nonzeros
Input
    Number of variables:                                379256
    Number of free variables:                           26139
    Number of constraints:                              394942
    Number of equality constraints:                     75746
    Number of matrix entries:                           1340289
    Matrix range:                                       [1e-02, 3e+01]
    RHS range:                                          [1e+00, 1e+08]
    Objective range:                                    [3e-02, 4e+05]
    Bounds range:                                       [3e-01, 7e+04]
Preprocessing
    Dualized model:                                     no
    Number of dense columns:                            81
    Range of scaling factors:                           [5.00e-01, 4.00e+00]
    Scaled cost norm:                                   443136
    Scaled bounds norm:                                 1.499e+08
IPX version 1.0
Interior point solve
 Iter       primal obj         dual obj       pinf       dinf       gap      time
   0    1.94158906e+11  -1.68960604e+13   8.99e-04   1.01e-01  2.05e+00       4.8
 Constructing starting basis...
 Iter       primal obj         dual obj       pinf       dinf       gap      time
   1    4.13623525e+11  -4.28570466e+13   8.67e-04   4.10e-02  2.04e+00      13.1
   2    2.76358147e+12  -4.66564478e+13   3.50e-04   1.97e-02  2.25e+00      17.2
   3    3.63826230e+12  -5.32592511e+13   2.18e-04   1.05e-02  2.29e+00      98.3
   4    4.27237520e+12  -4.47093963e+13   4.19e-05   1.28e-03  2.42e+00     123.2
   5    4.40424859e+12  -3.36210063e+13   3.52e-05   3.75e-04  2.60e+00     138.7
    Start  factorization  19: nonzeros in basis =    827131                 204.4
    Start  factorization  25: nonzeros in basis =    824387                 267.7
   6    5.29848338e+12  -3.17845899e+13   1.98e-05   2.24e-04  2.80e+00     303.4
    Start  factorization  35: nonzeros in basis =    819979                 370.2
    Start  factorization  42: nonzeros in basis =    816919                 434.9
    Start  factorization  50: nonzeros in basis =    812887                 497.4
   7    5.48347577e+12  -3.05618221e+13   1.75e-05   1.08e-04  2.87e+00     560.4
   8    3.98643801e+12  -1.78132640e+13   6.26e-06   2.65e-05  3.15e+00     582.0
   9    3.51121036e+12  -1.45799395e+13   2.22e-06   1.24e-05  3.27e+00     597.1
  10    2.09033384e+12  -5.13214373e+12   8.35e-07   4.74e-07  4.75e+00     621.3
    Start  factorization  65: nonzeros in basis =    864502                 700.7
    Start  factorization  68: nonzeros in basis =    871478                 767.0
  11    1.85940621e+12  -2.13056274e+12   6.63e-07   2.15e-12  2.94e+01     772.7
  12    2.79899781e+11  -5.72097673e+11   4.75e-08   7.63e-13  5.83e+00     793.2
  13    1.00769886e+11  -1.61108419e+11   3.62e-09   4.71e-13  8.68e+00     831.2
  14    6.95912727e+10  -5.76071052e+10   7.51e-10   1.26e-13  2.12e+01     875.5
  15    7.41040874e+10  -5.07643636e+10   3.50e-10   1.24e-13  1.07e+01     928.8
  16    7.79221910e+10  -2.70147971e+10   2.60e-10   1.22e-13  4.12e+00    1012.5
  17    7.61867751e+10  -3.38510282e+10   2.57e-10   8.41e-14  5.20e+00    1082.3
  18    7.39104113e+10  -2.53967246e+10   2.34e-10   3.32e-14  4.09e+00    1128.5
  19    7.39371357e+10  -2.20091433e+10   2.33e-10   2.54e-14  3.70e+00    1184.3
  20    7.10299878e+10  -1.63831684e+10   2.03e-10   5.46e-14  3.20e+00    1266.3
  21    7.11832742e+10  -1.48731725e+10   2.02e-10   2.99e-14  3.06e+00    1345.0
  22    5.38620787e+10   1.70215569e+10   3.96e-11   4.20e-14  1.04e+00    1394.6
    Start  factorization  93: nonzeros in basis =    901288                1464.6
  23    5.37141871e+10   1.80381961e+10   3.84e-11   4.94e-14  9.94e-01    1552.2
  24    5.31648912e+10   1.85128788e+10   3.57e-11   3.68e-14  9.67e-01    1624.5
  25    5.15708796e+10   2.61856481e+10   3.02e-11   2.00e-14  6.53e-01    1693.6
  26    5.13865022e+10   2.69483122e+10   2.92e-11   9.46e-15  6.24e-01    1773.5
  27    4.93565652e+10   2.94119841e+10   2.30e-11   7.36e-15  5.06e-01    1834.0
  28    4.66247188e+10   3.11623163e+10   1.36e-11   8.41e-15  3.98e-01    1909.9
    Start  factorization 103: nonzeros in basis =    939243                1992.3
  29    4.52007543e+10   3.20826514e+10   9.31e-12   3.68e-15  3.39e-01    2050.3
  30    4.50360418e+10   3.25870042e+10   8.74e-12   5.78e-15  3.21e-01    2113.4
  31    4.49669928e+10   3.27146676e+10   8.50e-12   3.48e-15  3.15e-01    2182.0
  32    4.35399864e+10   3.36594061e+10   5.62e-12   2.63e-15  2.56e-01    2231.6
  33    4.34251710e+10   3.37062087e+10   5.08e-12   2.89e-15  2.52e-01    2290.8
  34    4.26495343e+10   3.42188533e+10   3.73e-12   2.76e-15  2.19e-01    2347.0
  35    4.25557250e+10   3.43595767e+10   3.55e-12   4.73e-15  2.13e-01    2406.4
  36    4.21899832e+10   3.46504371e+10   2.81e-12   3.02e-15  1.96e-01    2487.8
  37    4.18254291e+10   3.49804647e+10   2.28e-12   4.47e-15  1.78e-01    2538.2
  38    4.16361216e+10   3.52610464e+10   1.88e-12   6.30e-15  1.66e-01    2588.9
  39    4.12366438e+10   3.55086545e+10   1.19e-12   3.15e-15  1.49e-01    2630.6
  40    4.08189019e+10   3.57046829e+10   7.19e-13   3.42e-15  1.34e-01    2708.5
    Start  factorization 131: nonzeros in basis =    974688                2781.0
  41    4.05325583e+10   3.60166653e+10   5.39e-13   2.43e-15  1.18e-01    2797.6
  42    4.04386607e+10   3.61774971e+10   4.68e-13   2.10e-15  1.11e-01    2856.4
  43    4.02432295e+10   3.63788852e+10   3.19e-13   2.89e-15  1.01e-01    2895.9
    Start  factorization 140: nonzeros in basis =    981511                2964.1
  44    4.01368907e+10   3.65683662e+10   2.47e-13   1.31e-15  9.30e-02    2985.0
  45    3.99326914e+10   3.67719995e+10   1.56e-13   2.50e-15  8.24e-02    3055.1
  46    3.98063328e+10   3.69615995e+10   1.09e-13   1.84e-15  7.41e-02    3090.6
  47    3.97414678e+10   3.70959389e+10   9.29e-14   2.36e-15  6.89e-02    3130.4
  48    3.97110896e+10   3.72568114e+10   8.67e-14   1.97e-15  6.38e-02    3167.6
  49    3.96566171e+10   3.73903913e+10   7.67e-14   2.36e-15  5.88e-02    3205.4
    Start  factorization 155: nonzeros in basis =    992174                3270.4
  50    3.96164860e+10   3.74786998e+10   6.99e-14   3.02e-15  5.55e-02    3288.4
  51    3.95588747e+10   3.76024563e+10   6.07e-14   1.25e-15  5.07e-02    3362.7
  52    3.95401880e+10   3.76818298e+10   5.79e-14   2.36e-15  4.81e-02    3390.8
  53    3.95059584e+10   3.77784844e+10   5.37e-14   1.44e-15  4.47e-02    3451.6
    Start  factorization 168: nonzeros in basis =    991982                3513.4
  54    3.92107725e+10   3.78689900e+10   2.53e-14   1.97e-15  3.48e-02    3541.5
  55    3.91917270e+10   3.79090702e+10   2.14e-14   2.23e-15  3.33e-02    3567.9
  56    3.91099871e+10   3.79737982e+10   1.22e-14   2.10e-15  2.95e-02    3633.1
  57    3.90585955e+10   3.80309397e+10   8.15e-15   1.18e-15  2.67e-02    3659.6
  58    3.90122122e+10   3.81023383e+10   6.52e-15   1.44e-15  2.36e-02    3695.8
  59    3.89687652e+10   3.81470518e+10   3.81e-15   1.90e-15  2.13e-02    3718.0
  60    3.89359430e+10   3.81836991e+10   2.11e-15   2.10e-15  1.95e-02    3738.4
  61    3.89007951e+10   3.82325334e+10   1.14e-15   1.84e-15  1.73e-02    3794.8
  62    3.88896628e+10   3.82717070e+10   3.81e-15   1.84e-15  1.60e-02    3823.8
  63    3.88669283e+10   3.83167148e+10   7.72e-15   1.71e-15  1.43e-02    3842.5
  64    3.88516184e+10   3.83758534e+10   9.53e-15   2.30e-15  1.23e-02    3863.8
  65    3.88395705e+10   3.83907752e+10   4.62e-15   1.90e-15  1.16e-02    3902.6
  66    3.88042709e+10   3.84246474e+10   5.94e-16   1.58e-15  9.83e-03    3944.6
  67    3.88035875e+10   3.84417947e+10   1.99e-15   2.36e-15  9.37e-03    3977.8
  68    3.88009816e+10   3.84605342e+10   1.45e-14   1.84e-15  8.81e-03    4007.1
  69    3.87813628e+10   3.84829541e+10   2.27e-14   1.18e-15  7.72e-03    4026.2
  70    3.87811759e+10   3.84960595e+10   4.57e-15   9.85e-16  7.38e-03    4060.3
  71    3.87778330e+10   3.85097568e+10   1.31e-14   1.51e-15  6.94e-03    4080.4
  72    3.87590233e+10   3.85280424e+10   6.30e-15   1.71e-15  5.98e-03    4103.6
  73    3.87582615e+10   3.85391070e+10   8.44e-15   1.84e-15  5.67e-03    4126.5
  74    3.87563447e+10   3.85490730e+10   1.07e-15   1.71e-15  5.36e-03    4146.2
  75    3.87456929e+10   3.85681770e+10   3.06e-15   1.44e-15  4.59e-03    4167.4
  76    3.87448956e+10   3.85786947e+10   1.07e-14   1.31e-15  4.30e-03    4185.5
  77    3.87385724e+10   3.85903572e+10   1.03e-15   2.56e-15  3.83e-03    4202.3
  78    3.87312144e+10   3.85956691e+10   1.01e-14   2.23e-15  3.51e-03    4217.9
  79    3.87268246e+10   3.86057430e+10   1.01e-14   1.90e-15  3.13e-03    4234.3
  80    3.87265459e+10   3.86122305e+10   6.09e-15   1.77e-15  2.96e-03    4257.9
  81    3.87182424e+10   3.86171340e+10   9.95e-16   1.31e-15  2.61e-03    4278.6
  82    3.87148530e+10   3.86236058e+10   9.91e-15   1.58e-15  2.36e-03    4298.5
  83    3.87070912e+10   3.86277170e+10   1.27e-14   1.71e-15  2.05e-03    4312.3
  84    3.87058436e+10   3.86315593e+10   1.83e-15   1.05e-15  1.92e-03    4334.3
  85    3.87054667e+10   3.86353346e+10   5.10e-16   1.31e-15  1.81e-03    4348.1
  86    3.86997622e+10   3.86398777e+10   5.58e-15   1.18e-15  1.55e-03    4361.5
  87    3.86964416e+10   3.86440567e+10   8.40e-15   2.23e-15  1.35e-03    4375.1
  88    3.86944852e+10   3.86457580e+10   9.82e-15   1.18e-15  1.26e-03    4389.1
  89    3.86935422e+10   3.86485109e+10   2.86e-15   1.71e-15  1.16e-03    4402.4
  90    3.86892224e+10   3.86546394e+10   8.09e-15   1.51e-15  8.94e-04    4415.1
  91    3.86878407e+10   3.86594782e+10   5.69e-15   1.71e-15  7.33e-04    4427.5
  92    3.86851026e+10   3.86610165e+10   4.71e-16   2.10e-15  6.23e-04    4437.9
  93    3.86851048e+10   3.86615816e+10   8.27e-15   1.71e-15  6.08e-04    4448.8
  94    3.86829646e+10   3.86631044e+10   6.99e-15   2.23e-15  5.14e-04    4459.7
  95    3.86807503e+10   3.86662246e+10   1.66e-14   7.88e-16  3.76e-04    4470.8
  96    3.86805816e+10   3.86668343e+10   3.43e-15   1.71e-15  3.55e-04    4486.0
  97    3.86804577e+10   3.86678282e+10   1.49e-14   1.51e-15  3.27e-04    4500.3
  98    3.86801737e+10   3.86688808e+10   4.54e-15   1.84e-15  2.92e-04    4514.5
  99    3.86800680e+10   3.86693388e+10   9.62e-15   1.71e-15  2.77e-04    4529.4
 100    3.86800108e+10   3.86698127e+10   8.11e-17   1.58e-15  2.64e-04    4543.4
 101    3.86791592e+10   3.86708478e+10   1.20e-15   2.23e-15  2.15e-04    4556.5
 102    3.86781848e+10   3.86713630e+10   7.94e-16   2.10e-15  1.76e-04    4569.7
 103    3.86781810e+10   3.86716312e+10   5.66e-15   3.42e-15  1.69e-04    4581.4
 104    3.86778885e+10   3.86723277e+10   1.65e-15   1.64e-15  1.44e-04    4592.4
 105*   3.86770598e+10   3.86741516e+10   1.74e-14   2.63e-15  7.52e-05    4603.4
Summary
    Runtime:                                            4603.40s
    Status interior point solve:                        optimal
    Status crossover:                                   not run
    objective value:                                    3.86770598e+10
    interior solution primal residual (abs/rel):        1.49e-06 / 9.94e-15
    interior solution dual residual (abs/rel):          1.16e-09 / 2.63e-15
    interior solution objective gap (abs/rel):          2.91e+06 / 7.52e-05
Ipx: IPM       optimal
WARNING: Solution optimality conditions: Before postsolve
num/max      0 /        0 (relative      0 /        0) primal infeasibilities     (tolerance = 1e-05)
num/max   1337 /     2.75 (relative      0 / 6.24e-06)   dual infeasibilities     (tolerance = 1e-05)
num/max      1 / 1.79e-07 (relative      0 / 2.77e-12) primal residual errors     (tolerance = 1e-07)
num/max      0 / 3.38e-10 (relative      0 / 7.67e-16)   dual residual errors     (tolerance = 1e-07)
                                         1 / 3.02e-05  P-D objective error        (tolerance = 1e-07)
WARNING: LP solver claims optimality, but with
WARNING:                     3.02e-05 relative P-D objective error    (tolerance = 1e-07)
WARNING: Model status changed from "Optimal" to "Unknown" since relative violation of tolerances is      302

Performed postsolve

Model name          : linopy-problem-nmfzhat1
Model status        : Unknown
IPM       iterations: 105
Objective value     :  3.8677059770e+10
P-D objective error :  3.0223036423e-05
HiGHS run time      :       4603.67
