Running HiGHS 1.15.1 (git hash: n/a): Copyright (c) 2026 under MIT licence terms
Includes third-party software components, see THIRD_PARTY_NOTICES.md for full details
LP linopy-problem-89vksnmd has 1836910 rows; 829372 cols; 3800296 nonzeros
Coefficient ranges:
  Matrix  [1e-02, 7e+01]
  Cost    [3e-02, 8e+05]
  Bound   [4e-01, 3e+10]
  RHS     [3e-01, 1e+08]
WARNING: Problem has some excessively large column bounds
WARNING: Problem has some excessively large row bounds
WARNING:    Consider scaling the    bounds by 1e-5, or setting the user_bound_scale option to -15
Presolving model
830292 rows, 700773 cols, 2624164 nonzeros 2s
Dependent equations search running on 151018 equations with time limit of 1000.00s
Dependent equations search removed 0 rows and 0 nonzeros in 0.04s (limit = 1000.00s)
776905 rows, 641551 cols, 2604340 nonzeros 8s
Presolve reductions: rows 776905(-1060005); columns 641551(-187821); nonzeros 2604340(-1195956) 
Solving the presolved LP
IPX model has 776905 rows, 641553 columns and 2604342 nonzeros
Input
    Number of variables:                                641553
    Number of free variables:                           66394
    Number of constraints:                              776905
    Number of equality constraints:                     151023
    Number of matrix entries:                           2604342
    Matrix range:                                       [1e-02, 7e+01]
    RHS range:                                          [1e+00, 1e+08]
    Objective range:                                    [3e-02, 8e+05]
    Bounds range:                                       [3e-01, 7e+04]
Preprocessing
    Dualized model:                                     no
    Number of dense columns:                            151
    Range of scaling factors:                           [2.50e-01, 2.00e+00]
    Scaled cost norm:                                   753784
    Scaled bounds norm:                                 1.499e+08
IPX version 1.0
Interior point solve
 Iter       primal obj         dual obj       pinf       dinf       gap      time
   0    2.29828061e+11  -9.08140956e+13   8.27e-04   2.55e-01  2.01e+00      15.1
 Constructing starting basis...
 Iter       primal obj         dual obj       pinf       dinf       gap      time
   1    4.04317537e+11  -9.53060560e+13   8.26e-04   2.50e-01  2.02e+00      44.4
   2    2.39457253e+12  -1.06278151e+14   5.26e-04   2.29e-01  2.09e+00      58.7
   3    2.21824925e+12  -1.56320812e+14   5.18e-04   1.76e-01  2.06e+00      73.6
   4    3.59909253e+12  -2.21430443e+14   3.19e-04   5.02e-02  2.07e+00      86.4
    Start  factorization   8: nonzeros in basis =   1760895                 172.0
    Start  factorization  10: nonzeros in basis =   1761975                 240.3
   5    5.19782875e+12  -2.63021689e+14   1.59e-04   1.27e-02  2.08e+00     469.9
   6    5.95457688e+12  -2.45793484e+14   7.36e-05   7.17e-03  2.10e+00     549.4
   7    6.63013012e+12  -1.97452249e+14   2.46e-05   2.31e-03  2.14e+00     614.3
   8    7.41236824e+12  -1.94140634e+14   1.93e-05   9.91e-04  2.16e+00     680.3
    Start  factorization  16: nonzeros in basis =   1761158                 760.6
    Start  factorization  18: nonzeros in basis =   1760216                 844.5
    Start  factorization  20: nonzeros in basis =   1759138                 927.7
    Start  factorization  22: nonzeros in basis =   1758128                1016.8
    Start  factorization  24: nonzeros in basis =   1756970                1102.8
    Start  factorization  26: nonzeros in basis =   1755718                1186.3
    Start  factorization  28: nonzeros in basis =   1754314                1271.8
    Start  factorization  30: nonzeros in basis =   1753088                1355.9
    Start  factorization  32: nonzeros in basis =   1751870                1435.6
    Start  factorization  34: nonzeros in basis =   1750682                1512.7
    Start  factorization  36: nonzeros in basis =   1749556                1595.4
    Start  factorization  38: nonzeros in basis =   1748464                1677.6
    Start  factorization  40: nonzeros in basis =   1747118                1755.0
    Start  factorization  42: nonzeros in basis =   1745904                1830.9
    Start  factorization  44: nonzeros in basis =   1744592                1908.4
    Start  factorization  46: nonzeros in basis =   1743386                1983.2
    Start  factorization  48: nonzeros in basis =   1742042                2055.0
    Start  factorization  50: nonzeros in basis =   1741020                2126.9
    Start  factorization  52: nonzeros in basis =   1739968                2198.5
    Start  factorization  54: nonzeros in basis =   1739098                2266.1
    Start  factorization  56: nonzeros in basis =   1738204                2330.3
    Start  factorization  58: nonzeros in basis =   1737082                2392.4
    Start  factorization  60: nonzeros in basis =   1736264                2456.4
    Start  factorization  62: nonzeros in basis =   1735330                2516.9
    Start  factorization  64: nonzeros in basis =   1734344                2578.0
    Start  factorization  66: nonzeros in basis =   1733556                2640.3
    Start  factorization  68: nonzeros in basis =   1732840                2701.5
    Start  factorization  71: nonzeros in basis =   1731660                2782.8
    Start  factorization  74: nonzeros in basis =   1730794                2861.9
    Start  factorization  77: nonzeros in basis =   1730202                2932.5
   9    8.47864033e+12  -1.94271915e+14   1.43e-05   4.98e-04  2.18e+00    3091.3
  10    9.11948630e+12  -1.71696750e+14   9.54e-06   2.08e-04  2.22e+00    3277.9
  11    1.06874554e+13  -1.53675087e+14   3.47e-06   1.11e-04  2.30e+00    3414.7
  12    1.09641502e+13  -1.08637329e+14   2.41e-06   5.06e-05  2.45e+00    3500.0
  13    1.23623671e+13  -8.78122792e+13   1.36e-06   1.10e-05  2.66e+00    3574.6
  14    1.30157115e+13  -6.49052218e+13   1.06e-06   5.82e-06  3.00e+00    3636.5
  15    1.50602593e+13  -4.82749153e+13   6.35e-07   1.87e-06  3.81e+00    3696.0
  16    1.25090895e+13  -1.72209161e+13   3.87e-07   2.87e-07  1.26e+01    3769.6
    Start  factorization  87: nonzeros in basis =   1782846                3886.2
  17    9.13640167e+12  -1.34425000e+13   9.26e-08   9.14e-08  1.05e+01    3912.0
    Start  factorization  89: nonzeros in basis =   1804146                4016.1
    Start  factorization  91: nonzeros in basis =   1821087                4167.8
    Start  factorization  92: nonzeros in basis =   1824494                4248.8
  18    5.41400042e+12  -5.67112072e+12   2.87e-08   3.00e-12  8.62e+01    4278.2
    Start  factorization  93: nonzeros in basis =   1835083                4401.9
    Start  factorization  94: nonzeros in basis =   1847863                4519.6
    Start  factorization  95: nonzeros in basis =   1849372                4612.6
  19    1.38767965e+12  -1.51735640e+12   7.41e-09   1.38e-12  4.48e+01    4640.0
    Start  factorization  97: nonzeros in basis =   1856466                4713.6
    Start  factorization 100: nonzeros in basis =   1857948                4794.0
    Start  factorization 102: nonzeros in basis =   1864652                4877.7
    Start  factorization 103: nonzeros in basis =   1874917                4957.2
    Start  factorization 105: nonzeros in basis =   1886525                5156.6
  20    1.60644360e+11  -3.39654130e+11   4.43e-10   2.85e-12  5.59e+00    5219.7
  21    7.22277563e+10  -8.14730314e+10   4.98e-11   1.85e-13  3.32e+01    5450.1
  22    6.73605681e+10  -3.33172712e+10   3.30e-11   4.35e-13  5.91e+00    5835.8
  23    5.12864100e+10  -4.69228138e+09   8.43e-12   1.38e-13  2.40e+00    6173.6
    Start  factorization 111: nonzeros in basis =   1899446                6260.9
    Start  factorization 112: nonzeros in basis =   1899164                6338.5
    Start  factorization 114: nonzeros in basis =   1900885                6423.7
  24    4.70454004e+10   6.14567360e+09   6.69e-12   1.98e-13  1.54e+00    6697.0
    Start  factorization 116: nonzeros in basis =   1904811                6793.6
    Start  factorization 118: nonzeros in basis =   1905935                6952.2
  25    4.43727976e+10   9.17981786e+09   5.18e-12   9.88e-15  1.31e+00    7226.8
    Start  factorization 120: nonzeros in basis =   1910784                7346.7
  26    4.42013235e+10   9.16634351e+09   4.96e-12   8.90e-14  1.31e+00    7703.4
    Start  factorization 122: nonzeros in basis =   1911941                7778.5
  27    4.28307944e+10   1.18707550e+10   4.33e-12   1.38e-13  1.13e+00    8029.2
    Start  factorization 124: nonzeros in basis =   1912387                8093.5
  28    3.74982942e+10   1.40652248e+10   2.62e-12   9.88e-14  9.09e-01    8347.3
    Start  factorization 126: nonzeros in basis =   1915264                8502.5
    Start  factorization 128: nonzeros in basis =   1918337                8620.3
    Start  factorization 129: nonzeros in basis =   1921221                8722.2
    Start  factorization 130: nonzeros in basis =   1924048                8823.6
    Start  factorization 132: nonzeros in basis =   1928416                8920.1
  29    3.68690086e+10   1.43934089e+10   2.39e-12   5.44e-14  8.77e-01    9146.5
    Start  factorization 135: nonzeros in basis =   1938913                9254.1
  30    3.54467145e+10   1.45696961e+10   1.72e-12   3.95e-14  8.35e-01    9447.0
    Start  factorization 137: nonzeros in basis =   1939172                9510.7
    Start  factorization 138: nonzeros in basis =   1940260                9572.2
  31    3.51827575e+10   1.45408716e+10   1.72e-12   1.98e-14  8.30e-01    9766.7
  32    3.48040303e+10   1.51481796e+10   1.59e-12   1.14e-13  7.87e-01    9955.6
    Start  factorization 141: nonzeros in basis =   1942999               10024.3
    Start  factorization 143: nonzeros in basis =   1943668               10092.4
  33    3.20492563e+10   1.51809590e+10   7.70e-13   9.88e-15  7.14e-01   10215.3
  34    3.19409333e+10   1.58413746e+10   7.48e-13   3.95e-14  6.74e-01   10400.7
    Start  factorization 146: nonzeros in basis =   1951400               10490.9
  35    3.15014830e+10   1.67558073e+10   6.88e-13   4.70e-14  6.11e-01   10630.4
    Start  factorization 148: nonzeros in basis =   1955917               10720.6
  36    3.15161012e+10   1.71127959e+10   6.88e-13   1.73e-14  5.92e-01   10871.3
    Start  factorization 149: nonzeros in basis =   1956863               10936.3
  37    2.97811395e+10   1.79378745e+10   5.13e-13   2.72e-14  4.96e-01   11111.5
    Start  factorization 152: nonzeros in basis =   1961579               11228.9
  38    2.93949950e+10   1.80773104e+10   4.50e-13   1.73e-14  4.77e-01   11351.5
    Start  factorization 154: nonzeros in basis =   1968899               11417.0
  39    2.84379249e+10   1.84725526e+10   3.10e-13   4.94e-15  4.25e-01   11507.1
    Start  factorization 155: nonzeros in basis =   1967355               11567.2
  40    2.82044178e+10   1.85008625e+10   2.62e-13   2.47e-15  4.16e-01   11677.5
  41    2.72495905e+10   1.91156415e+10   1.75e-13   1.24e-14  3.51e-01   11809.4
    Start  factorization 159: nonzeros in basis =   1964832               11880.2
  42    2.71650970e+10   1.91499680e+10   1.51e-13   9.88e-15  3.46e-01   11994.2
    Start  factorization 160: nonzeros in basis =   1972362               12075.9
  43    2.69037487e+10   1.93646971e+10   1.36e-13   2.47e-15  3.26e-01   12250.1
  44    2.64205342e+10   1.96638823e+10   1.10e-13   1.24e-15  2.93e-01   12405.1
    Start  factorization 163: nonzeros in basis =   1974420               12490.1
  45    2.60374196e+10   1.98789494e+10   9.14e-14   9.88e-15  2.68e-01   12585.0
    Start  factorization 164: nonzeros in basis =   1978144               12664.9
  46    2.49850817e+10   2.02295609e+10   4.75e-14   1.11e-14  2.10e-01   12792.9
    Start  factorization 167: nonzeros in basis =   1984111               12879.1
    Start  factorization 168: nonzeros in basis =   1986275               12951.2
  47    2.48435196e+10   2.03639764e+10   3.42e-14   2.47e-15  1.98e-01   13076.6
  48    2.45300799e+10   2.06453629e+10   1.81e-14   7.41e-15  1.72e-01   13206.8
    Start  factorization 171: nonzeros in basis =   2004716               13284.7
  49    2.42693532e+10   2.08515056e+10   1.16e-14   6.18e-15  1.51e-01   13384.8
    Start  factorization 174: nonzeros in basis =   2011281               13511.7
  50    2.41137189e+10   2.10083249e+10   8.14e-15   6.18e-15  1.38e-01   13587.8
    Start  factorization 177: nonzeros in basis =   2021123               13726.3
  51    2.40711110e+10   2.11482829e+10   6.88e-15   6.18e-15  1.29e-01   13811.1
    Start  factorization 179: nonzeros in basis =   2023314               13877.3
  52    2.37612608e+10   2.13188914e+10   6.96e-15   7.41e-15  1.08e-01   13997.4
    Start  factorization 182: nonzeros in basis =   2022237               14088.2
  53    2.37062165e+10   2.13992103e+10   3.40e-15   1.39e-15  1.02e-01   14167.3
    Start  factorization 183: nonzeros in basis =   2022122               14237.2
  54    2.34631140e+10   2.14618162e+10   6.81e-15   3.71e-15  8.91e-02   14340.7
  55    2.34152847e+10   2.16208297e+10   4.38e-15   4.32e-15  7.97e-02   14472.9
  56    2.34062715e+10   2.16872248e+10   7.81e-15   1.62e-15  7.62e-02   14611.2
  57    2.32349119e+10   2.18032760e+10   7.00e-15   6.18e-15  6.36e-02   14723.5
    Start  factorization 189: nonzeros in basis =   2019647               14797.7
  58    2.32274534e+10   2.18603339e+10   4.56e-15   1.24e-15  6.06e-02   14907.4
    Start  factorization 191: nonzeros in basis =   2014020               14982.0
  59    2.31965794e+10   2.19252144e+10   5.33e-15   3.40e-15  5.64e-02   15067.9
  60    2.31659177e+10   2.19690810e+10   4.50e-15   5.56e-15  5.30e-02   15194.4
  61    2.31324238e+10   2.20522016e+10   4.12e-16   4.02e-15  4.78e-02   15314.5
  62    2.31072287e+10   2.21380335e+10   8.82e-15   2.78e-15  4.28e-02   15444.6
  63    2.30925928e+10   2.21804500e+10   3.51e-15   1.47e-15  4.03e-02   15566.4
  64    2.29356002e+10   2.22475440e+10   3.44e-15   1.54e-15  3.05e-02   15679.8
  65    2.28810725e+10   2.22705091e+10   5.88e-16   2.01e-15  2.70e-02   15825.0
  66    2.28235885e+10   2.23324287e+10   2.90e-15   1.00e-15  2.18e-02   15929.7
  67    2.27905092e+10   2.23754639e+10   1.23e-14   1.54e-15  1.84e-02   16039.1
  68    2.27854920e+10   2.23951949e+10   3.09e-15   2.32e-15  1.73e-02   16147.4
  69    2.27554459e+10   2.24511540e+10   4.55e-15   1.54e-15  1.35e-02   16258.3
  70    2.27490447e+10   2.24611610e+10   1.57e-15   2.01e-15  1.27e-02   16367.3
  71    2.27059176e+10   2.24918413e+10   5.37e-15   1.62e-15  9.47e-03   16479.3
  72    2.26933981e+10   2.25097128e+10   4.09e-15   1.16e-15  8.13e-03   16606.9
  73    2.26735607e+10   2.25224598e+10   1.89e-15   1.24e-15  6.69e-03   16726.6
  74    2.26708107e+10   2.25289303e+10   4.13e-15   1.54e-15  6.28e-03   16844.1
  75    2.26565309e+10   2.25397772e+10   2.52e-15   1.00e-15  5.17e-03   16954.1
  76    2.26521494e+10   2.25497535e+10   1.45e-14   1.08e-15  4.53e-03   17062.8
  77    2.26510320e+10   2.25531465e+10   5.33e-15   1.24e-15  4.33e-03   17177.8
  78    2.26458650e+10   2.25713741e+10   7.09e-15   1.54e-15  3.29e-03   17270.0
  79    2.26405842e+10   2.25797805e+10   3.76e-16   1.47e-15  2.69e-03   17373.1
  80    2.26354936e+10   2.25882680e+10   5.73e-15   1.54e-15  2.09e-03   17473.8
  81    2.26340632e+10   2.25887444e+10   6.55e-15   1.04e-15  2.00e-03   17572.2
  82    2.26307205e+10   2.26009048e+10   1.27e-14   9.65e-16  1.32e-03   17669.1
  83    2.26301151e+10   2.26010958e+10   8.15e-15   1.54e-15  1.28e-03   17791.0
  84    2.26288779e+10   2.26012141e+10   5.16e-15   1.24e-15  1.22e-03   17887.4
  85    2.26268086e+10   2.26028004e+10   6.13e-15   2.24e-15  1.06e-03   17981.8
  86    2.26265214e+10   2.26040858e+10   1.32e-14   1.31e-15  9.92e-04   18069.8
  87    2.26235256e+10   2.26069823e+10   1.91e-15   1.47e-15  7.32e-04   18158.0
  88    2.26223457e+10   2.26077046e+10   1.13e-14   1.70e-15  6.47e-04   18247.8
  89    2.26210297e+10   2.26086296e+10   7.74e-15   1.39e-15  5.48e-04   18334.1
  90    2.26198489e+10   2.26103033e+10   1.59e-14   1.31e-15  4.22e-04   18415.0
  91    2.26191327e+10   2.26110511e+10   1.15e-14   7.34e-16  3.57e-04   18502.1
  92    2.26190103e+10   2.26111231e+10   1.66e-14   1.78e-15  3.49e-04   18602.0
  93    2.26183784e+10   2.26116661e+10   5.47e-15   1.47e-15  2.97e-04   18682.5
  94    2.26180655e+10   2.26117688e+10   3.81e-15   1.16e-15  2.78e-04   18767.3
  95    2.26175782e+10   2.26134669e+10   1.72e-14   1.39e-15  1.82e-04   18848.0
  96    2.26175656e+10   2.26134769e+10   1.98e-15   1.39e-15  1.81e-04   18940.0
  97    2.26175503e+10   2.26134871e+10   2.25e-14   1.93e-15  1.80e-04   19010.2
  98    2.26173575e+10   2.26137039e+10   2.44e-14   1.24e-15  1.62e-04   19086.8
  99    2.26173489e+10   2.26137507e+10   4.10e-15   1.70e-15  1.59e-04   19164.5
 100    2.26172637e+10   2.26137820e+10   2.24e-16   1.16e-15  1.54e-04   19248.5
 101*   2.26167928e+10   2.26145685e+10   4.05e-16   1.70e-15  9.84e-05   19324.8
Summary
    Runtime:                                            19324.94s
    Status interior point solve:                        optimal
    Status crossover:                                   not run
    objective value:                                    2.26167928e+10
    interior solution primal residual (abs/rel):        3.87e-07 / 2.58e-15
    interior solution dual residual (abs/rel):          1.28e-09 / 1.70e-15
    interior solution objective gap (abs/rel):          2.22e+06 / 9.84e-05
Ipx: IPM       optimal
WARNING: Solution optimality conditions: Before postsolve
num/max      0 /        0 (relative      0 /        0) primal infeasibilities     (tolerance = 1e-05)
num/max   1974 /      277 (relative      1 /  0.00094)   dual infeasibilities     (tolerance = 1e-05)
num/max      1 / 4.77e-07 (relative      0 /  6.6e-12) primal residual errors     (tolerance = 1e-07)
num/max      0 / 6.02e-10 (relative      0 / 2.05e-15)   dual residual errors     (tolerance = 1e-07)
                                         1 / 4.11e-05  P-D objective error        (tolerance = 1e-07)
WARNING: LP solver claims optimality, but with
WARNING:    num/max      1 /  0.00094 relative   dual infeasibilities (tolerance = 1e-05)
WARNING:                     4.11e-05 relative P-D objective error    (tolerance = 1e-07)
WARNING: Model status changed from "Optimal" to "Unknown" since relative violation of tolerances is      411

Performed postsolve

Model name          : linopy-problem-89vksnmd
Model status        : Unknown
IPM       iterations: 101
Objective value     :  2.2616792775e+10
P-D objective error :  4.1105336620e-05
HiGHS run time      :      19326.00
