===== 2026-09-14 07:44:33  (+30 min) =====
status: running
  20    1.49465951e+12  -1.07171570e+12   1.14e-08   3.95e-12  1.21e+01    1716.1
  21    8.79901030e+11  -7.61671912e+11   6.10e-09   1.04e-12  2.78e+01    1765.3

===== 2026-09-14 08:14:33  (+60 min) =====
status: running
  39    5.51738406e+10   3.36326875e+10   1.51e-12   2.52e-14  4.85e-01    3498.1
  40    5.45779707e+10   3.69083116e+10   1.11e-12   1.84e-14  3.86e-01    3567.2

===== 2026-09-14 08:44:33  (+90 min) =====
status: running
  64    4.93551480e+10   4.83709931e+10   6.46e-15   6.70e-15  2.01e-02    5312.5
  65    4.92924966e+10   4.86156859e+10   1.19e-14   6.96e-15  1.38e-02    5354.2

===== 2026-09-14 09:14:33  (+120 min) =====
status: process gone (finished or timed out)
 106    4.91020843e+10   4.90971721e+10   1.63e-14   4.07e-15  1.00e-04    6786.3
                                         1 / 3.75e-05  P-D objective error        (tolerance = 1e-07)
Model status        : Unknown
Objective value     :  4.9101970412e+10
HiGHS run time      :       6815.30

solve finished; sampler stopping
