Running HiGHS 1.15.1 (git hash: n/a): Copyright (c) 2026 under MIT licence terms
Includes third-party software components, see THIRD_PARTY_NOTICES.md for full details
LP linopy-problem-klnmxoxa has 1535936 rows; 727096 cols; 3609810 nonzeros
Coefficient ranges:
  Matrix  [1e-02, 2e+04]
  Cost    [3e-02, 9e+05]
  Bound   [4e-01, 5e+09]
  RHS     [3e-01, 1e+08]
WARNING: Problem has some excessively large column bounds
WARNING: Problem has some excessively large row bounds
WARNING:    Consider scaling the    bounds by 1e-4, or setting the user_bound_scale option to -13
Presolving model
993472 rows, 645037 cols, 2950052 nonzeros 1s
Dependent equations search running on 75738 equations with time limit of 1000.00s
Dependent equations search removed 0 rows and 0 nonzeros in 0.02s (limit = 1000.00s)
969877 rows, 615638 cols, 2939521 nonzeros 5s
Presolve reductions: rows 969877(-566059); columns 615638(-111458); nonzeros 2939521(-670289) 
Solving the presolved LP
IPX model has 969877 rows, 615643 columns and 2939526 nonzeros
Input
    Number of variables:                                615643
    Number of free variables:                           104959
    Number of constraints:                              969877
    Number of equality constraints:                     75743
    Number of matrix entries:                           2939526
    Matrix range:                                       [1e-02, 2e+04]
    RHS range:                                          [1e+00, 1e+08]
    Objective range:                                    [3e-02, 9e+05]
    Bounds range:                                       [3e-01, 7e+04]
Preprocessing
    Dualized model:                                     no
    Number of dense columns:                            62
    Range of scaling factors:                           [1.56e-02, 4.00e+00]
    Scaled cost norm:                                   871229
    Scaled bounds norm:                                 1.499e+08
IPX version 1.0
Interior point solve
 Iter       primal obj         dual obj       pinf       dinf       gap      time
   0    2.29769488e+11  -2.64155586e+14   1.54e-02   7.50e-01  2.00e+00       9.1
   1   -4.90101247e+13  -4.24357420e+14   1.51e-02   4.90e-01  1.59e+00      22.1
 Constructing starting basis...
 Iter       primal obj         dual obj       pinf       dinf       gap      time
   2   -3.28652984e+14  -5.04247195e+14   1.06e-02   2.74e-01  4.22e-01     282.5
   3   -4.39158299e+14  -5.76748661e+14   7.74e-03   1.95e-01  2.71e-01     440.4
   4   -3.29770133e+14  -6.69611554e+14   4.07e-03   7.64e-02  6.80e-01     581.4
   5   -1.06625813e+14  -7.08216135e+14   1.10e-03   2.59e-02  1.48e+00     724.6
    Start  factorization  15: nonzeros in basis =   1939755                 791.8
    Start  factorization  20: nonzeros in basis =   1935921                 861.1
    Start  factorization  26: nonzeros in basis =   1936110                 931.1
    Start  factorization  31: nonzeros in basis =   1936108                 996.1
    Start  factorization  37: nonzeros in basis =   1937316                1063.2
    Start  factorization  42: nonzeros in basis =   1939807                1128.6
   6   -3.86352571e+13  -7.07892009e+14   4.10e-04   1.19e-02  1.79e+00    1219.9
    Start  factorization  49: nonzeros in basis =   1941295                1286.1
   7   -3.11351958e+11  -5.99152733e+14   8.42e-05   2.26e-03  2.00e+00    1408.0
    Start  factorization  54: nonzeros in basis =   1942481                1477.4
   8    6.42072696e+12  -5.12987566e+14   3.46e-05   1.44e-03  2.05e+00    1644.5
   9    8.17616671e+12  -4.30551172e+14   2.15e-05   6.89e-04  2.08e+00    1865.6
  10    1.03415130e+13  -3.56565529e+14   7.03e-06   4.00e-04  2.12e+00    2024.7
  11    1.24775801e+13  -3.36559040e+14   2.85e-06   2.92e-04  2.15e+00    2168.1
  12    1.31283621e+13  -2.64144739e+14   1.27e-06   1.97e-04  2.21e+00    2267.5
  13    1.36740939e+13  -2.47600120e+14   1.01e-06   1.45e-04  2.23e+00    2355.5
  14    1.47295093e+13  -2.39081508e+14   6.13e-07   1.26e-04  2.26e+00    2432.2
  15    1.48247673e+13  -7.24883626e+13   1.53e-07   1.37e-05  3.03e+00    2490.0
  16    9.54680567e+12  -2.66830281e+13   1.03e-08   2.73e-04  4.23e+00    2564.5
    Start  factorization  66: nonzeros in basis =   1972625                2625.4
  17    3.50311042e+12  -5.33181711e+12   1.53e-09   3.88e-05  9.66e+00    2661.4
    Start  factorization  67: nonzeros in basis =   1985689                2726.2
    Start  factorization  69: nonzeros in basis =   1994208                2819.8
    Start  factorization  71: nonzeros in basis =   2009998                2957.0
    Start  factorization  73: nonzeros in basis =   2012233                3032.9
  18    1.26767912e+12  -1.84108348e+12   5.17e-10   7.44e-06  1.08e+01    3099.7
    Start  factorization  76: nonzeros in basis =   2020169                3161.8
    Start  factorization  79: nonzeros in basis =   2024842                3273.1
  19    2.08590678e+11  -3.41546189e+11   6.21e-11   1.14e-06  8.28e+00    3339.7
    Start  factorization  83: nonzeros in basis =   2030717                3434.2
  20    7.74674473e+10  -1.75645058e+11   1.15e-11   5.83e-07  5.16e+00    3503.9
  21    7.29554517e+10  -1.19750662e+11   7.44e-12   3.61e-08  8.24e+00    3652.2
    Start  factorization  86: nonzeros in basis =   2035919                3718.1
  22    6.34650350e+10  -4.28171458e+10   5.38e-12   1.45e-08  1.03e+01    3844.0
    Start  factorization  89: nonzeros in basis =   2035819                3933.2
  23    6.29827698e+10  -4.64286929e+10   5.29e-12   1.27e-08  1.32e+01    4089.6
    Start  factorization  91: nonzeros in basis =   2036899                4158.0
  24    6.12384961e+10  -4.73532128e+10   5.02e-12   1.12e-08  1.56e+01    4318.3
  25    6.09718680e+10  -2.32904132e+10   4.96e-12   6.03e-09  4.47e+00    4505.0
  26    5.96030364e+10  -2.34166194e+10   4.84e-12   6.00e-09  4.59e+00    4739.3
    Start  factorization  96: nonzeros in basis =   2041529                4807.9
  27    5.73302318e+10  -2.36386208e+10   4.30e-12   4.67e-09  4.81e+00    4977.5
  28    5.22927880e+10  -2.25413641e+10   3.25e-12   4.33e-09  5.03e+00    5171.8
  29    5.15102313e+10  -1.13977414e+10   3.09e-12   1.79e-09  3.14e+00    5354.6
  30    3.98670367e+10   1.90228637e+09   1.22e-12   7.28e-10  1.82e+00    5558.0
    Start  factorization 101: nonzeros in basis =   2025552                5638.7
    Start  factorization 103: nonzeros in basis =   2046603                5714.1
  31    3.84727942e+10   4.66355652e+09   9.49e-13   3.67e-10  1.57e+00    5895.7
    Start  factorization 105: nonzeros in basis =   2074759                6057.7
  32    3.50584036e+10   1.20388708e+10   5.67e-13   1.67e-10  9.78e-01    6263.0
    Start  factorization 108: nonzeros in basis =   2086429                6385.4
    Start  factorization 109: nonzeros in basis =   2117774                6484.4
    Start  factorization 111: nonzeros in basis =   2144201                6594.6
    Start  factorization 112: nonzeros in basis =   2158518                6661.2
    Start  factorization 114: nonzeros in basis =   2171565                6759.3
    Start  factorization 116: nonzeros in basis =   2192606                6881.9
  33    3.39415402e+10   1.25344561e+10   3.37e-13   7.94e-11  9.21e-01    7096.5
    Start  factorization 119: nonzeros in basis =   2213413                7221.5
  34    3.36162559e+10   1.50770022e+10   3.16e-13   6.11e-11  7.61e-01    7523.8
    Start  factorization 121: nonzeros in basis =   2232875                7596.6
    Start  factorization 122: nonzeros in basis =   2250805                7693.6
    Start  factorization 123: nonzeros in basis =   2274198                7807.7
    Start  factorization 124: nonzeros in basis =   2321697                8006.0
    Start  factorization 125: nonzeros in basis =   2339119                8093.0
    Start  factorization 126: nonzeros in basis =   2356022                8178.6
  35    3.27376394e+10   1.88933811e+10   2.63e-13   3.39e-11  5.36e-01    8434.7
    Start  factorization 129: nonzeros in basis =   2361109                8506.3
  36    3.10418115e+10   1.96153217e+10   1.30e-13   2.35e-11  4.51e-01    8690.2
    Start  factorization 133: nonzeros in basis =   2361563                8763.9
  37    3.04159485e+10   2.04471940e+10   9.16e-14   1.79e-11  3.92e-01    8919.9
    Start  factorization 136: nonzeros in basis =   2364230                8995.7
  38    3.02163529e+10   2.06469277e+10   7.33e-14   1.60e-11  3.76e-01    9153.3
    Start  factorization 139: nonzeros in basis =   2366309                9240.7
  39    2.96527639e+10   2.13916813e+10   5.30e-14   1.33e-11  3.24e-01    9384.0
    Start  factorization 142: nonzeros in basis =   2373995                9465.6
    Start  factorization 143: nonzeros in basis =   2389861                9532.6
    Start  factorization 145: nonzeros in basis =   2407826                9638.4
  40    2.96035301e+10   2.18218686e+10   4.93e-14   1.02e-11  3.03e-01    9766.4
    Start  factorization 148: nonzeros in basis =   2420323                9866.1
  41    2.95562833e+10   2.20402071e+10   4.57e-14   8.67e-12  2.91e-01   10003.4
    Start  factorization 151: nonzeros in basis =   2425071               10070.4
  42    2.94162425e+10   2.27102311e+10   3.94e-14   6.21e-12  2.57e-01   10180.9
    Start  factorization 153: nonzeros in basis =   2425602               10252.1
  43    2.92438537e+10   2.32528495e+10   3.16e-14   4.26e-12  2.28e-01   10342.9
    Start  factorization 155: nonzeros in basis =   2433912               10441.1
  44    2.90540360e+10   2.38001910e+10   2.50e-14   2.88e-12  1.99e-01   10555.6
    Start  factorization 158: nonzeros in basis =   2441475               10649.4
  45    2.89700413e+10   2.42768781e+10   2.25e-14   1.91e-12  1.76e-01   10759.1
    Start  factorization 161: nonzeros in basis =   2443408               10868.2
  46    2.87976309e+10   2.46097007e+10   1.80e-14   1.39e-12  1.57e-01   10950.2
    Start  factorization 164: nonzeros in basis =   2451853               11046.6
    Finish factorization 166: fill factor =   1.13                        11107.6
  47    2.86756789e+10   2.49493304e+10   1.48e-14   8.60e-13  1.39e-01   11182.7
    Start  factorization 168: nonzeros in basis =   2463961               11287.0
  48    2.86036883e+10   2.50635023e+10   1.58e-14   7.57e-13  1.32e-01   11417.8
    Start  factorization 172: nonzeros in basis =   2479241               11512.1
  49    2.84229991e+10   2.54559765e+10   1.06e-14   5.34e-13  1.10e-01   11576.2
    Start  factorization 174: nonzeros in basis =   2482497               11661.3
  50    2.82901359e+10   2.56391270e+10   1.11e-14   5.33e-13  9.83e-02   11730.6
    Start  factorization 176: nonzeros in basis =   2484517               11795.3
  51    2.81926230e+10   2.57703868e+10   6.71e-15   3.67e-13  8.98e-02   11900.4
    Start  factorization 179: nonzeros in basis =   2491051               12001.0
  52    2.79489540e+10   2.61285742e+10   3.76e-15   3.61e-13  6.73e-02   12077.8
    Start  factorization 181: nonzeros in basis =   2493520               12160.9
    Start  factorization 183: nonzeros in basis =   2501625               12272.1
  53    2.79218833e+10   2.62190458e+10   3.26e-15   5.24e-13  6.29e-02   12353.7
    Start  factorization 185: nonzeros in basis =   2506104               12459.8
  54    2.77924636e+10   2.63769144e+10   5.11e-15   5.63e-13  5.23e-02   12520.8
    Start  factorization 187: nonzeros in basis =   2511783               12612.4
  55    2.76913876e+10   2.65051877e+10   1.44e-14   6.66e-13  4.38e-02   12727.9
    Start  factorization 190: nonzeros in basis =   2520674               12837.0
  56    2.76313287e+10   2.66602684e+10   2.30e-15   5.66e-13  3.58e-02   12921.9
    Start  factorization 193: nonzeros in basis =   2526127               13011.0
  57    2.75996624e+10   2.67360290e+10   2.93e-15   8.48e-13  3.18e-02   13111.3
    Start  factorization 196: nonzeros in basis =   2532746               13172.3
  58    2.75926494e+10   2.67732370e+10   7.69e-16   8.99e-13  3.01e-02   13268.5
    Start  factorization 198: nonzeros in basis =   2541059               13331.3
  59    2.75391321e+10   2.68762464e+10   5.67e-15   1.60e-12  2.44e-02   13414.5
    Start  factorization 201: nonzeros in basis =   2552811               13517.5
  60    2.75036986e+10   2.69582609e+10   1.08e-14   9.65e-13  2.00e-02   13627.3
    Start  factorization 203: nonzeros in basis =   2562459               13697.5
    Start  factorization 204: nonzeros in basis =   2567786               13761.4
    Start  factorization 206: nonzeros in basis =   2574231               13826.5
  61    2.74874329e+10   2.70032142e+10   2.76e-15   1.96e-12  1.78e-02   13882.1
    Start  factorization 207: nonzeros in basis =   2579545               13947.4
    Start  factorization 209: nonzeros in basis =   2586847               14012.8
  62    2.74853725e+10   2.70226824e+10   2.25e-16   3.27e-12  1.70e-02   14068.5
    Start  factorization 210: nonzeros in basis =   2592313               14131.2
  63    2.74528429e+10   2.70821150e+10   2.44e-15   3.12e-12  1.36e-02   14219.8
    Start  factorization 212: nonzeros in basis =   2600784               14283.1
    Start  factorization 214: nonzeros in basis =   2606627               14375.6
  64    2.74373975e+10   2.71143769e+10   4.57e-15   2.43e-12  1.18e-02   14447.2
    Start  factorization 217: nonzeros in basis =   2614547               14537.6
    Start  factorization 219: nonzeros in basis =   2621247               14615.7
  65    2.74271066e+10   2.71308270e+10   2.46e-15   3.59e-12  1.09e-02   14662.8
    Start  factorization 220: nonzeros in basis =   2624507               14723.3
  66    2.74064148e+10   2.71637614e+10   7.85e-15   4.63e-12  8.89e-03   14822.0
    Start  factorization 223: nonzeros in basis =   2632097               14926.4
  67    2.74041320e+10   2.71730532e+10   7.36e-15   6.72e-12  8.47e-03   15009.0
    Start  factorization 225: nonzeros in basis =   2637438               15080.2
  68    2.73953175e+10   2.71874130e+10   8.58e-15   7.65e-12  7.62e-03   15171.8
    Start  factorization 228: nonzeros in basis =   2644305               15291.0
  69    2.73856710e+10   2.72070595e+10   9.92e-16   6.46e-12  6.54e-03   15336.0
    Start  factorization 229: nonzeros in basis =   2645834               15399.1
  70    2.73822026e+10   2.72181239e+10   2.01e-14   8.17e-12  6.01e-03   15498.8
    Start  factorization 231: nonzeros in basis =   2649437               15559.8
  71    2.73760063e+10   2.72300702e+10   3.84e-15   1.30e-11  5.35e-03   15637.6
    Start  factorization 234: nonzeros in basis =   2653894               15721.2
  72    2.73683006e+10   2.72438949e+10   6.03e-15   1.90e-11  4.56e-03   15766.3
    Start  factorization 235: nonzeros in basis =   2655751               15832.1
  73    2.73601933e+10   2.72558859e+10   1.31e-14   1.57e-11  3.82e-03   15913.0
    Start  factorization 237: nonzeros in basis =   2657959               15987.8
  74    2.73590004e+10   2.72668530e+10   3.48e-15   8.55e-12  3.37e-03   16072.0
    Start  factorization 239: nonzeros in basis =   2659970               16133.3
  75    2.73553680e+10   2.72741023e+10   5.92e-15   8.28e-12  2.98e-03   16227.0
    Start  factorization 241: nonzeros in basis =   2663199               16304.0
  76    2.73515683e+10   2.72815013e+10   4.87e-15   6.47e-12  2.57e-03   16361.6
    Start  factorization 243: nonzeros in basis =   2666153               16431.7
  77    2.73490541e+10   2.72841493e+10   2.67e-15   7.62e-12  2.38e-03   16483.4
    Start  factorization 245: nonzeros in basis =   2668632               16545.9
  78    2.73443812e+10   2.72912621e+10   8.43e-15   8.62e-12  1.94e-03   16594.8
    Start  factorization 247: nonzeros in basis =   2671143               16665.6
  79    2.73437788e+10   2.72932763e+10   5.45e-16   1.23e-11  1.85e-03   16708.3
  80    2.73423746e+10   2.72999976e+10   5.98e-15   8.33e-12  1.55e-03   16801.1
  81    2.73424080e+10   2.73004749e+10   6.96e-15   1.53e-11  1.53e-03   16887.6
  82    2.73399803e+10   2.73062450e+10   1.63e-15   9.20e-12  1.23e-03   16961.6
  83    2.73386985e+10   2.73074574e+10   1.21e-14   7.01e-12  1.14e-03   17051.5
  84    2.73376376e+10   2.73080492e+10   7.91e-15   1.41e-11  1.08e-03   17143.9
  85    2.73370676e+10   2.73089873e+10   1.72e-15   1.72e-11  1.03e-03   17227.6
  86    2.73356749e+10   2.73139141e+10   1.55e-14   1.64e-11  7.96e-04   17305.2
  87    2.73353075e+10   2.73165447e+10   3.64e-15   2.07e-11  6.87e-04   17384.5
  88    2.73334279e+10   2.73196171e+10   1.60e-16   1.03e-11  5.05e-04   17460.9
  89    2.73334107e+10   2.73201318e+10   1.29e-15   1.80e-11  4.86e-04   17551.2
  90    2.73327746e+10   2.73210309e+10   1.09e-14   7.84e-12  4.30e-04   17624.4
  91    2.73327273e+10   2.73213982e+10   1.25e-14   9.75e-12  4.15e-04   17697.7
  92    2.73317568e+10   2.73222809e+10   1.06e-15   1.24e-11  3.47e-04   17773.3
  93    2.73317535e+10   2.73224582e+10   1.06e-14   1.30e-11  3.40e-04   17842.3
  94    2.73314729e+10   2.73233733e+10   4.81e-15   8.60e-12  2.96e-04   17902.3
  95    2.73309946e+10   2.73240574e+10   5.60e-15   7.36e-12  2.54e-04   17958.8
  96    2.73309793e+10   2.73241339e+10   5.31e-15   1.71e-11  2.50e-04   18040.6
  97    2.73305640e+10   2.73246644e+10   1.51e-15   2.16e-11  2.16e-04   18112.6
  98    2.73304117e+10   2.73254855e+10   3.75e-15   1.67e-11  1.80e-04   18185.1
  99    2.73298674e+10   2.73259928e+10   8.14e-16   6.40e-12  1.42e-04   18255.5
 100    2.73298558e+10   2.73261008e+10   2.47e-16   8.37e-12  1.37e-04   18319.7
 101    2.73298063e+10   2.73261285e+10   8.85e-15   1.19e-11  1.35e-04   18386.8
 102    2.73297197e+10   2.73267044e+10   3.25e-15   1.09e-11  1.10e-04   18450.8
 103*   2.73295139e+10   2.73269297e+10   2.74e-15   1.20e-11  9.46e-05   18518.4
Summary
    Runtime:                                            18518.57s
    Status interior point solve:                        optimal
    Status crossover:                                   not run
    objective value:                                    2.73295139e+10
    interior solution primal residual (abs/rel):        3.58e-07 / 2.39e-15
    interior solution dual residual (abs/rel):          1.30e-05 / 1.49e-11
    interior solution objective gap (abs/rel):          2.58e+06 / 9.46e-05
Ipx: IPM       optimal
WARNING: Solution optimality conditions: Before postsolve
num/max      0 /        0 (relative      0 /        0) primal infeasibilities     (tolerance = 1e-05)
num/max   2609 /     26.5 (relative      8 / 0.000131)   dual infeasibilities     (tolerance = 1e-05)
num/max      0 / 2.98e-08 (relative      0 / 5.04e-13) primal residual errors     (tolerance = 1e-07)
num/max     57 / 1.46e-05 (relative      0 / 7.25e-11)   dual residual errors     (tolerance = 1e-07)
                                         1 / 3.62e-05  P-D objective error        (tolerance = 1e-07)
WARNING: LP solver claims optimality, but with
WARNING:    num/max      8 / 0.000131 relative   dual infeasibilities (tolerance = 1e-05)
WARNING:                     3.62e-05 relative P-D objective error    (tolerance = 1e-07)
WARNING: Model status changed from "Optimal" to "Unknown" since relative violation of tolerances is      362

Performed postsolve

Model name          : linopy-problem-klnmxoxa
Model status        : Unknown
IPM       iterations: 103
Objective value     :  2.7329513881e+10
P-D objective error :  3.6198925084e-05
HiGHS run time      :      18519.45
