Running HiGHS 1.15.1 (git hash: n/a): Copyright (c) 2026 under MIT licence terms
Includes third-party software components, see THIRD_PARTY_NOTICES.md for full details
LP linopy-problem-vxlb12hk has 3042951 rows; 1647011 cols; 7289068 nonzeros
Assessing costs and bounds after applying user_bound_scale option value of -15
Coefficient ranges:
  Matrix  [1e-04, 5e+01]
  Cost    [3e-02, 8e+05]
  Bound   [1e-05, 9e+05]
  RHS     [1e-05, 5e+03]
WARNING: User-scaled problem has some excessively small column bounds
WARNING: User-scaled problem has some excessively small row bounds
Presolving model
1510869 rows, 991778 cols, 4645796 nonzeros 4s
1115799 rows, 794722 cols, 3678008 nonzeros 11s
Dependent equations search running on 220197 equations with time limit of 1000.00s
Dependent equations search removed 0 rows and 0 nonzeros in 0.03s (limit = 1000.00s)
1115792 rows, 794715 cols, 3678003 nonzeros 13s
Presolve reductions: rows 1115792(-1927159); columns 794715(-852296); nonzeros 3678003(-3611065) 
Solving the presolved LP
IPX model has 1115792 rows, 794715 columns and 3678003 nonzeros
Input
    Number of variables:                                794715
    Number of free variables:                           100505
    Number of constraints:                              1115792
    Number of equality constraints:                     220197
    Number of matrix entries:                           3678003
    Matrix range:                                       [1e-02, 5e+01]
    RHS range:                                          [3e-05, 5e+03]
    Objective range:                                    [3e-02, 8e+05]
    Bounds range:                                       [1e-05, 8e-01]
Preprocessing
    Dualized model:                                     no
    Number of dense columns:                            212
    Range of scaling factors:                           [2.50e-01, 4.00e+00]
    Scaled cost norm:                                   753784
    Scaled bounds norm:                                 4574.58
IPX version 1.0
Interior point solve
 Iter       primal obj         dual obj       pinf       dinf       gap      time
   0    2.52650245e+06  -6.46347037e+07   6.21e-04   4.32e-02  2.16e+00      17.5
 Constructing starting basis...
 Iter       primal obj         dual obj       pinf       dinf       gap      time
    Start  factorization   4: nonzeros in basis =   2694603                 128.2
   1   -3.42343001e+07  -1.95145631e+08   5.18e-04   2.15e-02  1.40e+00     199.5
    Start  factorization   6: nonzeros in basis =   2706164                 267.9
   2   -2.51062770e+07  -2.95578104e+08   4.61e-04   1.25e-02  1.69e+00     337.5
    Finish factorization   7: fill factor =   1.22                          398.3
   3   -3.66072079e+06  -4.04932411e+08   1.89e-04   5.97e-03  1.96e+00     495.1
    Start  factorization  10: nonzeros in basis =   2711726                 586.8
    Start  factorization  12: nonzeros in basis =   2711525                 687.9
    Start  factorization  13: nonzeros in basis =   2711503                 766.2
   4    6.05310806e+07  -4.19372658e+08   3.02e-05   7.72e-04  2.67e+00     931.3
    Start  factorization  14: nonzeros in basis =   2717522                1019.7
   5    6.11365486e+07  -2.85825341e+08   6.24e-06   9.26e-05  3.09e+00    1088.3
    Start  factorization  15: nonzeros in basis =   2718498                1152.7
    Start  factorization  16: nonzeros in basis =   2719366                1219.8
    Start  factorization  17: nonzeros in basis =   2720110                1287.4
    Start  factorization  18: nonzeros in basis =   2720762                1350.5
    Start  factorization  19: nonzeros in basis =   2721442                1413.1
    Start  factorization  20: nonzeros in basis =   2722172                1478.2
    Start  factorization  21: nonzeros in basis =   2722862                1540.5
    Start  factorization  22: nonzeros in basis =   2723500                1603.4
    Start  factorization  23: nonzeros in basis =   2724122                1675.3
