Running HiGHS 1.15.1 (git hash: n/a): Copyright (c) 2026 under MIT licence terms
Includes third-party software components, see THIRD_PARTY_NOTICES.md for full details
LP linopy-problem-93pf8jv8 has 2531961 rows; 1138931 cols; 5314078 nonzeros
Coefficient ranges:
  Matrix  [1e-02, 5e+01]
  Cost    [3e-02, 8e+05]
  Bound   [4e-01, 3e+10]
  RHS     [3e-01, 1e+08]
WARNING: Problem has some excessively large column bounds
WARNING: Problem has some excessively large row bounds
WARNING:    Consider scaling the    bounds by 1e-5, or setting the user_bound_scale option to -15
Presolving model
1193445 rows, 970523 cols, 3766221 nonzeros 3s
Dependent equations search running on 221594 equations with time limit of 1000.00s
Dependent equations search removed 0 rows and 0 nonzeros in 0.05s (limit = 1000.00s)
1117194 rows, 888437 cols, 3786104 nonzeros 13s
Presolve reductions: rows 1117194(-1414767); columns 888437(-250494); nonzeros 3786104(-1527974) 
Solving the presolved LP
IPX model has 1117194 rows, 888439 columns and 3786106 nonzeros
Input
    Number of variables:                                888439
    Number of free variables:                           101951
    Number of constraints:                              1117194
    Number of equality constraints:                     221599
    Number of matrix entries:                           3786106
    Matrix range:                                       [1e-02, 5e+01]
    RHS range:                                          [1e+00, 1e+08]
    Objective range:                                    [3e-02, 8e+05]
    Bounds range:                                       [3e-01, 7e+04]
Preprocessing
    Dualized model:                                     no
    Number of dense columns:                            212
    Range of scaling factors:                           [2.50e-01, 4.00e+00]
    Scaled cost norm:                                   753784
    Scaled bounds norm:                                 1.499e+08
IPX version 1.0
Interior point solve
 Iter       primal obj         dual obj       pinf       dinf       gap      time
   0    2.84776109e+11  -1.01794846e+14   8.05e-04   2.91e-01  2.01e+00      26.1
 Constructing starting basis...
 Iter       primal obj         dual obj       pinf       dinf       gap      time
   1    5.19065393e+11  -1.05598511e+14   8.05e-04   2.87e-01  2.02e+00      95.0
   2    1.14151529e+12  -1.17631808e+14   6.75e-04   2.66e-01  2.04e+00     124.2
   3    9.82164234e+11  -2.25133800e+14   6.47e-04   1.02e-01  2.02e+00     151.7
    Start  factorization   8: nonzeros in basis =   2735401                 224.1
   4    4.52852310e+12  -2.52992022e+14   2.62e-04   4.13e-02  2.07e+00     281.4
    Start  factorization  10: nonzeros in basis =   2736489                 401.2
    Start  factorization  11: nonzeros in basis =   2737003                 467.6
    Start  factorization  12: nonzeros in basis =   2737463                 543.9
    Start  factorization  13: nonzeros in basis =   2737605                 632.5
   5    6.55796450e+12  -2.54596366e+14   1.04e-04   1.03e-02  2.11e+00     855.1
    Start  factorization  14: nonzeros in basis =   2737481                 946.5
   6    7.97290949e+12  -2.35132791e+14   4.87e-05   2.21e-03  2.14e+00    1091.6
    Start  factorization  15: nonzeros in basis =   2736125                1191.4
    Start  factorization  16: nonzeros in basis =   2734941                1294.7
    Start  factorization  17: nonzeros in basis =   2733523                1403.4
    Start  factorization  18: nonzeros in basis =   2732321                1496.5
    Start  factorization  19: nonzeros in basis =   2731265                1605.7
   7    9.20443777e+12  -2.38288126e+14   3.74e-05   1.14e-03  2.16e+00    1688.7
    Start  factorization  20: nonzeros in basis =   2730061                1777.9
    Start  factorization  21: nonzeros in basis =   2728855                1866.4
    Start  factorization  22: nonzeros in basis =   2727723                1954.9
    Start  factorization  23: nonzeros in basis =   2726517                2041.7
    Start  factorization  24: nonzeros in basis =   2725431                2128.1
    Start  factorization  25: nonzeros in basis =   2724151                2212.8
    Start  factorization  26: nonzeros in basis =   2722633                2294.3
    Start  factorization  27: nonzeros in basis =   2721247                2371.6
    Start  factorization  28: nonzeros in basis =   2719931                2453.6
    Start  factorization  29: nonzeros in basis =   2718811                2540.4
    Start  factorization  30: nonzeros in basis =   2717491                2627.7
    Start  factorization  31: nonzeros in basis =   2716191                2710.3
    Start  factorization  32: nonzeros in basis =   2715039                2792.6
    Start  factorization  33: nonzeros in basis =   2713591                2879.8
    Start  factorization  34: nonzeros in basis =   2711981                2957.5
    Start  factorization  35: nonzeros in basis =   2710843                3039.4
    Start  factorization  36: nonzeros in basis =   2709243                3118.5
    Start  factorization  37: nonzeros in basis =   2708525                3202.1
    Start  factorization  38: nonzeros in basis =   2707195                3285.0
    Start  factorization  39: nonzeros in basis =   2705517                3367.0
    Start  factorization  40: nonzeros in basis =   2704091                3447.2
    Start  factorization  41: nonzeros in basis =   2702847                3529.6
    Start  factorization  42: nonzeros in basis =   2701585                3608.4
    Start  factorization  43: nonzeros in basis =   2700425                3691.9
    Start  factorization  44: nonzeros in basis =   2698975                3773.0
    Start  factorization  45: nonzeros in basis =   2697827                3848.5
    Start  factorization  46: nonzeros in basis =   2696549                3922.4
    Start  factorization  47: nonzeros in basis =   2695229                3999.4
    Start  factorization  48: nonzeros in basis =   2693773                4074.3
    Start  factorization  49: nonzeros in basis =   2692975                4147.8
    Start  factorization  50: nonzeros in basis =   2691729                4217.4
    Start  factorization  51: nonzeros in basis =   2690451                4294.3
    Start  factorization  52: nonzeros in basis =   2689005                4367.7
    Start  factorization  53: nonzeros in basis =   2687803                4438.5
    Start  factorization  54: nonzeros in basis =   2686397                4509.3
    Start  factorization  55: nonzeros in basis =   2685049                4582.2
    Start  factorization  56: nonzeros in basis =   2684237                4647.5
    Start  factorization  57: nonzeros in basis =   2683433                4709.0
    Start  factorization  58: nonzeros in basis =   2681743                4780.4
    Start  factorization  59: nonzeros in basis =   2680303                4846.4
    Start  factorization  60: nonzeros in basis =   2678237                4919.8
    Start  factorization  61: nonzeros in basis =   2677133                4984.0
    Start  factorization  62: nonzeros in basis =   2676105                5048.5
    Start  factorization  63: nonzeros in basis =   2675105                5112.9
    Finish factorization  64: fill factor =   1.16                         5173.1
    Start  factorization  65: nonzeros in basis =   2672833                5235.3
    Start  factorization  66: nonzeros in basis =   2671415                5301.0
    Start  factorization  67: nonzeros in basis =   2670071                5363.0
    Start  factorization  68: nonzeros in basis =   2668917                5425.1
    Start  factorization  69: nonzeros in basis =   2667583                5488.7
    Start  factorization  70: nonzeros in basis =   2666385                5553.5
    Start  factorization  71: nonzeros in basis =   2665309                5618.3
    Start  factorization  72: nonzeros in basis =   2664195                5680.3
    Start  factorization  73: nonzeros in basis =   2662955                5744.2
    Start  factorization  75: nonzeros in basis =   2660475                5869.7
    Start  factorization  76: nonzeros in basis =   2659129                5935.0
    Start  factorization  77: nonzeros in basis =   2658137                5996.5
    Start  factorization  78: nonzeros in basis =   2656837                6059.5
    Finish factorization  79: fill factor =   1.13                         6119.6
    Finish factorization  80: fill factor =   1.13                         6179.9
    Start  factorization  81: nonzeros in basis =   2653455                6241.2
    Start  factorization  83: nonzeros in basis =   2651801                6350.3
    Start  factorization  85: nonzeros in basis =   2648991                6461.9
    Start  factorization  87: nonzeros in basis =   2646025                6572.6
    Start  factorization  89: nonzeros in basis =   2643005                6674.8
    Start  factorization  91: nonzeros in basis =   2640641                6772.7
    Start  factorization  93: nonzeros in basis =   2638695                6863.9
    Start  factorization  94: nonzeros in basis =   2638147                6931.0
   8    1.06311391e+13  -2.49980778e+14   2.71e-05   6.07e-04  2.18e+00    7204.9
   9    1.12981759e+13  -2.44811236e+14   1.95e-05   3.41e-04  2.19e+00    7491.0
  10    1.24788871e+13  -2.43320110e+14   1.31e-05   1.50e-04  2.22e+00    7679.5
  11    1.57303306e+13  -2.41325253e+14   6.64e-06   9.01e-05  2.28e+00    7795.8
  12    1.82302759e+13  -2.29240547e+14   4.36e-06   6.02e-05  2.35e+00    7901.6
  13    2.18775428e+13  -1.99407284e+14   2.22e-06   2.99e-05  2.49e+00    7987.9
    Start  factorization 101: nonzeros in basis =   2653052                8096.2
  14    2.52905123e+13  -1.70549260e+14   1.47e-06   1.32e-05  2.70e+00    8191.7
    Start  factorization 103: nonzeros in basis =   2666624                8303.2
    Start  factorization 104: nonzeros in basis =   2667431                8364.2
  15    2.76165705e+13  -1.42155194e+14   1.11e-06   7.76e-06  2.96e+00    8401.3
    Start  factorization 106: nonzeros in basis =   2675808                8521.6
    Start  factorization 107: nonzeros in basis =   2676843                8592.4
  16    2.84591176e+13  -7.47694800e+13   6.93e-07   1.47e-06  4.46e+00    8644.1
    Start  factorization 109: nonzeros in basis =   2687214                8726.1
  17    2.68937549e+13  -3.58986201e+13   4.93e-07   2.28e-07  1.39e+01    8814.5
    Start  factorization 112: nonzeros in basis =   2702874                8911.5
  18    2.15154867e+13  -2.41154996e+13   2.03e-07   9.88e-12  3.51e+01    8962.7
    Start  factorization 115: nonzeros in basis =   2721485                9051.8
    Start  factorization 116: nonzeros in basis =   2727399                9117.7
  19    9.66347558e+12  -8.20819119e+12   6.30e-08   2.73e-12  2.46e+01    9163.0
    Start  factorization 117: nonzeros in basis =   2743143                9260.1
    Start  factorization 118: nonzeros in basis =   2748204                9349.6
    Start  factorization 119: nonzeros in basis =   2763816                9480.9
    Start  factorization 120: nonzeros in basis =   2767640                9566.7
    Start  factorization 121: nonzeros in basis =   2775839                9783.6
    Finish factorization 122: fill factor =   1.12                         9843.8
  20    7.03340801e+12  -3.31838797e+12   4.15e-08   1.74e-12  5.57e+00    9890.6
    Start  factorization 123: nonzeros in basis =   2786838               10076.5
    Start  factorization 124: nonzeros in basis =   2792655               10138.4
    Start  factorization 125: nonzeros in basis =   2804219               10236.9
    Start  factorization 126: nonzeros in basis =   2810585               10465.4
  21    1.50404649e+12  -2.45959471e+12   9.14e-09   1.58e-12  8.30e+00   10525.1
    Start  factorization 127: nonzeros in basis =   2828125               10785.1
    Start  factorization 128: nonzeros in basis =   2829835               10857.7
    Start  factorization 129: nonzeros in basis =   2832769               10983.3
    Start  factorization 131: nonzeros in basis =   2836184               11103.7
    Start  factorization 132: nonzeros in basis =   2838497               11195.3
    Start  factorization 133: nonzeros in basis =   2839395               11257.9
    Start  factorization 134: nonzeros in basis =   2841311               11322.4
    Start  factorization 136: nonzeros in basis =   2847405               11449.3
    Start  factorization 137: nonzeros in basis =   2849261               11513.1
    Start  factorization 138: nonzeros in basis =   2854432               11693.8
    Start  factorization 139: nonzeros in basis =   2858116               11759.5
  22    9.18504477e+11  -5.39626576e+11   5.05e-09   1.21e-12  7.70e+00   11894.9
    Start  factorization 141: nonzeros in basis =   2869101               12026.8
  23    1.16670008e+11  -3.45245176e+11   2.81e-10   3.26e-13  4.04e+00   12219.7
    Start  factorization 142: nonzeros in basis =   2869101               12283.4
  24    1.20726050e+11  -1.80945229e+11   1.92e-14   1.09e-13  1.00e+01   12793.8
  25    6.92249227e+10  -1.27174764e+11   2.61e-15   1.51e-13  6.78e+00   13247.3
  26    5.25402857e+10  -1.87664973e+10   6.26e-15   1.68e-14  4.22e+00   13782.6
    Start  factorization 145: nonzeros in basis =   2873352               13856.1
    Start  factorization 146: nonzeros in basis =   2873188               13930.8
  27    5.16938622e+10  -9.47306603e+09   2.34e-14   1.98e-14  2.90e+00   14335.1
    Start  factorization 147: nonzeros in basis =   2868677               14455.4
  28    4.86804317e+10   3.99716441e+09   7.31e-15   5.56e-15  1.70e+00   14935.7
    Start  factorization 148: nonzeros in basis =   2873110               15023.9
    Start  factorization 149: nonzeros in basis =   2872641               15156.0
    Start  factorization 150: nonzeros in basis =   2873516               15294.4
    Start  factorization 151: nonzeros in basis =   2875585               15357.1
  29    4.84758790e+10   5.96997020e+09   1.08e-14   7.10e-15  1.56e+00   15992.0
    Start  factorization 152: nonzeros in basis =   2877013               16084.9
    Start  factorization 153: nonzeros in basis =   2875869               16160.6
    Start  factorization 154: nonzeros in basis =   2872079               16296.5
    Start  factorization 155: nonzeros in basis =   2872231               16359.4
  30    4.78477996e+10   6.77770242e+09   1.02e-14   5.25e-15  1.50e+00   17000.8
    Start  factorization 156: nonzeros in basis =   2872443               17068.6
    Start  factorization 157: nonzeros in basis =   2872487               17134.1
  31    4.77910258e+10   7.58007117e+09   4.19e-15   8.65e-15  1.45e+00   17718.2
    Start  factorization 158: nonzeros in basis =   2871870               17802.5
    Start  factorization 159: nonzeros in basis =   2873313               17912.6
  32    4.68405437e+10   8.85156999e+09   1.12e-14   4.63e-15  1.36e+00   18532.6
    Start  factorization 161: nonzeros in basis =   2865579               18618.1
  33    4.45714160e+10   9.62040057e+09   2.99e-15   4.40e-15  1.29e+00   19113.8
    Start  factorization 163: nonzeros in basis =   2865832               19191.5
    Start  factorization 164: nonzeros in basis =   2866497               19281.2
  34    3.87939322e+10   1.37513054e+10   4.29e-15   4.17e-15  9.53e-01   19768.4
    Start  factorization 166: nonzeros in basis =   2869437               19928.5
    Start  factorization 167: nonzeros in basis =   2866506               20079.1
    Start  factorization 168: nonzeros in basis =   2868466               20198.8
    Start  factorization 169: nonzeros in basis =   2869513               20290.3
    Start  factorization 170: nonzeros in basis =   2870083               20350.7
    Start  factorization 171: nonzeros in basis =   2873886               20572.5
    Start  factorization 172: nonzeros in basis =   2873926               20693.7
    Start  factorization 173: nonzeros in basis =   2874699               20770.7
    Start  factorization 174: nonzeros in basis =   2875778               20860.7
    Start  factorization 175: nonzeros in basis =   2878989               20968.4
    Start  factorization 176: nonzeros in basis =   2880908               21065.5
  35    3.73116154e+10   1.32804592e+10   1.10e-14   3.55e-15  9.50e-01   21321.9
    Start  factorization 177: nonzeros in basis =   2883653               21463.8
    Start  factorization 178: nonzeros in basis =   2884878               21534.9
  36    3.60591188e+10   1.55209964e+10   1.67e-14   3.32e-15  7.96e-01   21765.5
    Start  factorization 179: nonzeros in basis =   2899882               21861.2
    Start  factorization 180: nonzeros in basis =   2900606               21949.1
  37    3.55127921e+10   1.54904740e+10   3.80e-15   3.94e-15  7.85e-01   22236.6
    Start  factorization 182: nonzeros in basis =   2901488               22337.2
  38    3.45964937e+10   1.52723793e+10   8.34e-16   2.08e-15  7.75e-01   22556.5
    Start  factorization 183: nonzeros in basis =   2904083               22653.1
  39    3.44750916e+10   1.55130555e+10   7.52e-15   2.16e-15  7.59e-01   22847.7
    Start  factorization 184: nonzeros in basis =   2907466               22973.1
  40    3.34495277e+10   1.62229576e+10   3.34e-16   2.47e-15  6.94e-01   23170.0
    Start  factorization 185: nonzeros in basis =   2911813               23283.3
  41    3.34497833e+10   1.64632940e+10   9.40e-16   2.16e-15  6.81e-01   23528.9
    Start  factorization 186: nonzeros in basis =   2913599               23627.9
    Start  factorization 187: nonzeros in basis =   2914180               23731.3
  42    3.26983162e+10   1.68459385e+10   1.01e-15   1.31e-15  6.40e-01   23913.4
    Start  factorization 188: nonzeros in basis =   2914934               24020.4
  43    3.23485866e+10   1.67316506e+10   2.99e-15   1.35e-15  6.36e-01   24254.3
    Start  factorization 189: nonzeros in basis =   2915376               24382.2
  44    2.88690998e+10   1.76376764e+10   8.82e-15   1.70e-15  4.83e-01   24622.3
    Start  factorization 190: nonzeros in basis =   2925106               24772.2
    Start  factorization 191: nonzeros in basis =   2931386               24856.6
    Start  factorization 192: nonzeros in basis =   2934882               25034.7
  45    2.85320884e+10   1.78415660e+10   5.10e-15   2.01e-15  4.61e-01   25291.1
    Start  factorization 194: nonzeros in basis =   2937774               25464.2
  46    2.74568609e+10   1.83926316e+10   6.12e-15   1.93e-15  3.95e-01   25690.0
    Start  factorization 195: nonzeros in basis =   2943491               25908.3
  47    2.74044315e+10   1.86202944e+10   1.33e-15   1.70e-15  3.82e-01   26188.1
    Start  factorization 197: nonzeros in basis =   2945138               26300.6
  48    2.70759773e+10   1.90008586e+10   4.92e-15   1.62e-15  3.51e-01   26519.2
    Start  factorization 198: nonzeros in basis =   2952926               26742.5
  49    2.64675939e+10   1.93551025e+10   3.29e-15   9.27e-16  3.10e-01   26946.8
    Start  factorization 199: nonzeros in basis =   2953566               27109.0
  50    2.63311578e+10   1.95928554e+10   1.54e-15   1.54e-15  2.93e-01   27319.7
    Start  factorization 200: nonzeros in basis =   2971075               27503.4
  51    2.57030114e+10   1.97681862e+10   1.12e-15   1.70e-15  2.61e-01   27726.1
    Start  factorization 201: nonzeros in basis =   2970738               27963.7
  52    2.55712109e+10   1.99997284e+10   1.46e-14   1.47e-15  2.45e-01   28233.9
    Start  factorization 203: nonzeros in basis =   2977637               28549.5
  53    2.51582809e+10   2.01998069e+10   7.67e-15   9.27e-16  2.19e-01   28762.7
    Start  factorization 204: nonzeros in basis =   2980366               28924.4
  54    2.46881581e+10   2.03830596e+10   2.51e-15   1.70e-15  1.91e-01   29143.1
    Start  factorization 205: nonzeros in basis =   2986398               29306.5
    Start  factorization 206: nonzeros in basis =   2987519               29389.0
  55    2.43114338e+10   2.06493785e+10   8.79e-16   1.08e-15  1.63e-01   29577.4
    Start  factorization 207: nonzeros in basis =   2987058               29708.5
  56    2.41630263e+10   2.08183768e+10   1.57e-14   1.62e-15  1.49e-01   29949.0
    Start  factorization 209: nonzeros in basis =   2994257               30069.7
  57    2.40910160e+10   2.09459920e+10   4.37e-16   2.24e-15  1.40e-01   30280.3
    Start  factorization 210: nonzeros in basis =   2995252               30404.4
  58    2.38331016e+10   2.11342550e+10   5.07e-15   1.08e-15  1.20e-01   30597.1
    Start  factorization 211: nonzeros in basis =   2980730               30721.0
  59    2.37347787e+10   2.12716555e+10   1.83e-15   1.47e-15  1.09e-01   30949.2
    Start  factorization 213: nonzeros in basis =   2979919               31086.6
  60    2.36837015e+10   2.13553712e+10   7.55e-15   1.62e-15  1.03e-01   31271.8
    Start  factorization 214: nonzeros in basis =   2980717               31369.8
  61    2.34824518e+10   2.15011973e+10   2.56e-14   1.31e-15  8.81e-02   31534.9
    Start  factorization 215: nonzeros in basis =   2986544               31642.3
  62    2.33952892e+10   2.16218680e+10   1.64e-15   1.54e-15  7.88e-02   31817.4
    Start  factorization 216: nonzeros in basis =   2981643               31907.7
  63    2.33782888e+10   2.16946822e+10   2.08e-15   1.47e-15  7.47e-02   32112.5
    Start  factorization 217: nonzeros in basis =   2982007               32182.8
  64    2.33405451e+10   2.18020151e+10   4.77e-15   1.24e-15  6.82e-02   32381.6
    Start  factorization 218: nonzeros in basis =   2980704               32492.3
  65    2.32974196e+10   2.18676576e+10   2.07e-14   1.54e-15  6.33e-02   32700.9
    Start  factorization 219: nonzeros in basis =   2981485               32794.6
  66    2.32841443e+10   2.19092734e+10   2.66e-14   1.62e-15  6.08e-02   33002.6
    Start  factorization 220: nonzeros in basis =   2980668               33099.3
  67    2.32333460e+10   2.20069262e+10   8.90e-15   2.16e-15  5.42e-02   33290.1
    Start  factorization 221: nonzeros in basis =   2983334               33384.1
  68    2.32108843e+10   2.20666971e+10   6.51e-15   1.16e-15  5.05e-02   33576.8
    Start  factorization 222: nonzeros in basis =   2978264               33656.0
  69    2.30489051e+10   2.21447429e+10   1.25e-14   1.70e-15  4.00e-02   33832.1
    Start  factorization 223: nonzeros in basis =   2973692               33974.4
  70    2.30152551e+10   2.21738396e+10   2.21e-15   1.85e-15  3.72e-02   34128.4
    Start  factorization 225: nonzeros in basis =   2975966               34207.3
  71    2.29770170e+10   2.21960682e+10   6.74e-16   2.39e-15  3.46e-02   34324.6
    Start  factorization 226: nonzeros in basis =   2976947               34393.7
  72    2.28659378e+10   2.22632385e+10   1.04e-14   2.24e-15  2.67e-02   34509.4
    Start  factorization 227: nonzeros in basis =   2979272               34609.3
  73    2.28652890e+10   2.22721769e+10   9.37e-15   1.08e-15  2.63e-02   34727.2
    Start  factorization 228: nonzeros in basis =   2982237               34838.6
  74    2.27943678e+10   2.23385703e+10   5.04e-15   1.06e-15  2.02e-02   34956.1
    Start  factorization 229: nonzeros in basis =   2987947               35041.4
    Start  factorization 230: nonzeros in basis =   2992428               35124.1
  75    2.27769108e+10   2.23505168e+10   3.37e-15   1.39e-15  1.89e-02   35237.5
    Start  factorization 231: nonzeros in basis =   2995387               35298.6
  76    2.27655915e+10   2.23880057e+10   2.09e-14   1.54e-15  1.67e-02   35422.1
    Start  factorization 232: nonzeros in basis =   2995431               35484.5
  77    2.27584841e+10   2.23975471e+10   8.51e-15   1.08e-15  1.60e-02   35620.1
  78    2.27274511e+10   2.24217813e+10   5.94e-15   1.00e-15  1.35e-02   35808.7
    Start  factorization 234: nonzeros in basis =   2996190               35896.6
  79    2.27205355e+10   2.24325104e+10   5.83e-15   1.08e-15  1.28e-02   36042.2
  80    2.27067308e+10   2.24456697e+10   1.01e-14   8.49e-16  1.16e-02   36209.2
  81    2.27037217e+10   2.24483120e+10   1.19e-14   1.16e-15  1.13e-02   36412.2
  82    2.26684986e+10   2.24710034e+10   8.69e-15   1.39e-15  8.75e-03   36595.8
    Start  factorization 238: nonzeros in basis =   2998905               36678.0
  83    2.26624115e+10   2.24766748e+10   1.15e-14   1.08e-15  8.23e-03   36816.1
    Start  factorization 239: nonzeros in basis =   2999866               36879.9
  84    2.26474409e+10   2.24877039e+10   8.30e-15   1.62e-15  7.08e-03   37002.0
    Start  factorization 240: nonzeros in basis =   3000641               37070.7
  85    2.26387411e+10   2.24981265e+10   1.85e-15   1.39e-15  6.23e-03   37192.3
    Start  factorization 241: nonzeros in basis =   2998568               37253.1
  86    2.26300785e+10   2.25108167e+10   1.86e-14   1.78e-15  5.28e-03   37369.0
    Start  factorization 242: nonzeros in basis =   2999749               37430.7
  87    2.26243351e+10   2.25211828e+10   1.76e-14   1.00e-15  4.57e-03   37556.1
  88    2.26227377e+10   2.25260230e+10   2.35e-15   9.46e-16  4.28e-03   37731.8
  89    2.26169692e+10   2.25338299e+10   3.34e-15   2.16e-15  3.68e-03   37884.9
  90    2.26120571e+10   2.25445265e+10   9.73e-15   1.85e-15  2.99e-03   38039.2
    Start  factorization 246: nonzeros in basis =   2995876               38102.6
  91    2.26071616e+10   2.25477687e+10   9.55e-15   1.08e-15  2.63e-03   38218.8
  92    2.25973795e+10   2.25506897e+10   2.46e-15   1.08e-15  2.07e-03   38378.0
    Start  factorization 248: nonzeros in basis =   2997464               38442.6
  93    2.25956498e+10   2.25516362e+10   2.58e-14   1.08e-15  1.95e-03   38564.0
  94    2.25922837e+10   2.25554593e+10   4.52e-15   1.31e-15  1.63e-03   38729.4
  95    2.25898122e+10   2.25562247e+10   1.71e-15   1.31e-15  1.49e-03   38896.9
  96    2.25872884e+10   2.25595463e+10   4.97e-15   1.47e-15  1.23e-03   39045.4
  97    2.25868017e+10   2.25600013e+10   8.38e-15   1.70e-15  1.19e-03   39196.9
  98    2.25849687e+10   2.25628759e+10   8.69e-15   9.27e-16  9.79e-04   39335.1
  99    2.25847303e+10   2.25630707e+10   3.45e-15   1.00e-15  9.60e-04   39484.3
 100    2.25838783e+10   2.25645466e+10   1.69e-15   1.24e-15  8.56e-04   39621.0
 101    2.25820522e+10   2.25655225e+10   2.51e-14   1.85e-15  7.32e-04   39751.1
 102    2.25800708e+10   2.25666384e+10   1.39e-14   1.08e-15  5.95e-04   39887.6
 103    2.25796632e+10   2.25671625e+10   2.10e-15   1.78e-15  5.54e-04   40032.3
 104    2.25794526e+10   2.25673107e+10   2.70e-15   8.49e-16  5.38e-04   40174.5
 105    2.25788264e+10   2.25681738e+10   1.45e-14   1.08e-15  4.72e-04   40315.9
 106    2.25787498e+10   2.25682296e+10   1.64e-14   1.54e-15  4.66e-04   40465.3
 107    2.25780229e+10   2.25692761e+10   1.04e-14   1.39e-15  3.87e-04   40609.7
 108    2.25775724e+10   2.25696125e+10   9.77e-15   1.24e-15  3.53e-04   40760.1
 109    2.25773435e+10   2.25703014e+10   4.21e-15   1.85e-15  3.12e-04   40904.5
 110    2.25771434e+10   2.25704265e+10   1.10e-14   1.54e-15  2.98e-04   41044.9
 111    2.25763737e+10   2.25706244e+10   4.44e-15   1.24e-15  2.55e-04   41182.1
 112    2.25763109e+10   2.25708183e+10   2.37e-15   1.16e-15  2.43e-04   41318.9
 113    2.25762555e+10   2.25711273e+10   5.89e-15   2.16e-15  2.27e-04   41469.9
 114    2.25760737e+10   2.25712884e+10   3.29e-15   1.39e-15  2.12e-04   41618.9
 115    2.25759692e+10   2.25715242e+10   7.52e-15   1.54e-15  1.97e-04   41756.5
 116    2.25758726e+10   2.25715466e+10   9.99e-15   1.08e-15  1.92e-04   41915.5
 117    2.25756773e+10   2.25717771e+10   4.30e-16   1.24e-15  1.73e-04   42063.2
 118    2.25756683e+10   2.25719452e+10   1.47e-15   1.24e-15  1.65e-04   42221.6
 119    2.25754016e+10   2.25721547e+10   1.33e-14   1.70e-15  1.44e-04   42365.7
 120    2.25753536e+10   2.25724747e+10   7.40e-15   1.24e-15  1.28e-04   42506.7
 121    2.25751941e+10   2.25726991e+10   9.84e-15   1.39e-15  1.11e-04   42634.6
 122    2.25751469e+10   2.25727283e+10   2.37e-16   1.78e-15  1.07e-04   42764.5
 123*   2.25750498e+10   2.25727951e+10   4.31e-15   2.32e-15  9.99e-05   42899.1
Summary
    Runtime:                                            42899.21s
    Status interior point solve:                        optimal
    Status crossover:                                   not run
    objective value:                                    2.25750498e+10
    interior solution primal residual (abs/rel):        2.68e-07 / 1.79e-15
    interior solution dual residual (abs/rel):          1.75e-09 / 2.32e-15
    interior solution objective gap (abs/rel):          2.25e+06 / 9.99e-05
Ipx: IPM       optimal
WARNING: Solution optimality conditions: Before postsolve
num/max      0 /        0 (relative      0 /        0) primal infeasibilities     (tolerance = 1e-05)
num/max   1673 /    0.444 (relative      0 / 5.89e-07)   dual infeasibilities     (tolerance = 1e-05)
num/max      0 / 8.94e-08 (relative      0 / 1.24e-12) primal residual errors     (tolerance = 1e-07)
num/max      0 / 3.31e-10 (relative      0 / 4.39e-16)   dual residual errors     (tolerance = 1e-07)
                                         1 / 4.21e-05  P-D objective error        (tolerance = 1e-07)
WARNING: LP solver claims optimality, but with
WARNING:                     4.21e-05 relative P-D objective error    (tolerance = 1e-07)
WARNING: Model status changed from "Optimal" to "Unknown" since relative violation of tolerances is      421

Performed postsolve

Model name          : linopy-problem-93pf8jv8
Model status        : Unknown
IPM       iterations: 123
Objective value     :  2.2575049803e+10
P-D objective error :  4.2142166302e-05
HiGHS run time      :      42900.37
