===== 2026-09-14 05:32:29  (+30 min) =====
status: running
  19    1.02647889e+12  -1.01255885e+12   1.73e-09   3.09e-12  2.93e+02    1689.6
  20    5.57307606e+11  -1.12314350e+12   1.52e-10   1.21e-12  5.94e+00    1794.5

===== 2026-09-14 06:02:29  (+60 min) =====
status: running
  39    5.29724482e+10   1.66447606e+10   8.38e-14   4.52e-14  1.04e+00    3431.2
  40    5.23493089e+10   2.26686923e+10   6.96e-14   1.71e-14  7.91e-01    3529.7

===== 2026-09-14 06:32:29  (+90 min) =====
status: running
  70    4.36191409e+10   4.25929627e+10   1.00e-15   4.60e-15  2.38e-02    5347.3
  71    4.35673882e+10   4.26935212e+10   7.82e-15   8.28e-15  2.03e-02    5386.5

===== 2026-09-14 07:02:29  (+120 min) =====
status: process gone (finished or timed out)
  89    4.32503352e+10   4.32448536e+10   5.66e-15   6.30e-15  1.27e-04    6214.1
                                         1 /  3.2e-05  P-D objective error        (tolerance = 1e-07)
Model status        : Unknown
Objective value     :  4.3249060653e+10
HiGHS run time      :       6239.43

solve finished; sampler stopping
